VtlFile:nofile.vm
  DirectiveIf
    PsiElement(#IF)('#if')
    PsiElement(()('(')
    BinaryExpression
      BinaryExpression
        BinaryExpression
          Interpolation
            PsiElement($)('$')
            MethodCallExpression
              ReferenceExpression
                ReferenceExpression
                  PsiElement(identifier)('obj')
                PsiElement(JAVA_DOT)('.')
                PsiElement(identifier)('meth')
              PsiElement(()('(')
              ArgumentList
                Interpolation
                  PsiElement($)('$')
                  ReferenceExpression
                    PsiElement(identifier)('r')
                PsiElement(,)(',')
                IntegerLiteral
                  PsiElement(number)('4')
              PsiElement())(')')
          PsiElement(EQ)('==')
          BinaryExpression
            ParenthesizedExpression
              PsiElement(()('(')
              BinaryExpression
                IntegerLiteral
                  PsiElement(number)('2')
                PsiElement(+)('+')
                IntegerLiteral
                  PsiElement(number)('7')
              PsiElement())(')')
            PsiElement(/)('/')
            ParenthesizedExpression
              PsiElement(()('(')
              BinaryExpression
                Interpolation
                  PsiElement($)('$')
                  ReferenceExpression
                    PsiElement(identifier)('dd')
                PsiElement(+)('+')
                IntegerLiteral
                  PsiElement(number)('7')
              PsiElement())(')')
        PsiElement(OR)('||')
        Interpolation
          PsiElement(${)('${')
          MethodCallExpression
            ReferenceExpression
              ReferenceExpression
                PsiElement(identifier)('myobj')
              PsiElement(JAVA_DOT)('.')
              PsiElement(identifier)('meth')
            PsiElement(()('(')
            ArgumentList
              <empty list>
            PsiElement())(')')
          PsiElement(})('}')
      PsiElement(AND)('&&')
      BinaryExpression
        BinaryExpression
          IntegerLiteral
            PsiElement(number)('5')
          PsiElement(*)('*')
          ParenthesizedExpression
            PsiElement(()('(')
            BinaryExpression
              Interpolation
                PsiElement($)('$')
                ReferenceExpression
                  PsiElement(identifier)('h5')
              PsiElement(+)('+')
              Interpolation
                PsiElement($)('$')
                ReferenceExpression
                  PsiElement(identifier)('h23')
            PsiElement())(')')
        PsiElement(LTE)('<=')
        IntegerLiteral
          PsiElement(number)('6')
    PsiElement())(')')
    PsiElement(TEMPLATE_TEXT)('\r\n   ')
    DirectiveSet
      PsiElement(#SET)('#set')
      PsiElement(()('(')
      PsiElement($)('$')
      ReferenceExpression
        MethodCallExpression
          ReferenceExpression
            MethodCallExpression
              ReferenceExpression
                ReferenceExpression
                  PsiElement(identifier)('gg')
                PsiElement(JAVA_DOT)('.')
                PsiElement(identifier)('hh')
              PsiElement(()('(')
              ArgumentList
                <empty list>
              PsiElement())(')')
            PsiElement(JAVA_DOT)('.')
            PsiElement(identifier)('ggg')
          PsiElement(()('(')
          ArgumentList
            <empty list>
          PsiElement())(')')
        PsiElement(JAVA_DOT)('.')
        PsiElement(identifier)('ff')
      PsiElement(=)('=')
      BinaryExpression
        BinaryExpression
          Interpolation
            PsiElement($)('$')
            ReferenceExpression
              ReferenceExpression
                PsiElement(identifier)('rr')
              PsiElement(JAVA_DOT)('.')
              PsiElement(identifier)('gg')
          PsiElement(EQ)('==')
          Interpolation
            PsiElement($)('$')
            ReferenceExpression
              PsiElement(identifier)('hh')
        PsiElement(AND)('&&')
        ParenthesizedExpression
          PsiElement(()('(')
          BinaryExpression
            Interpolation
              PsiElement($)('$')
              ReferenceExpression
                ReferenceExpression
                  PsiElement(identifier)('qqq')
                PsiElement(JAVA_DOT)('.')
                PsiElement(identifier)('ll')
            PsiElement(OR)('||')
            Interpolation
              PsiElement($)('$')
              MethodCallExpression
                ReferenceExpression
                  ReferenceExpression
                    PsiElement(identifier)('rr')
                  PsiElement(JAVA_DOT)('.')
                  PsiElement(identifier)('r')
                PsiElement(()('(')
                ArgumentList
                  <empty list>
                PsiElement())(')')
          PsiElement())(')')
      PsiElement())(')')
    PsiElement(TEMPLATE_TEXT)('\r\n')
    PsiElement(#END)('#end')
  PsiElement(TEMPLATE_TEXT)('\r\n')
