VtlFile:nofile.vm
  PsiElement(TEMPLATE_TEXT)('directive ')
  DirectiveSet
    PsiElement(#SET)('#set')
    PsiElement(()('(')
    PsiElement($)('$')
    ReferenceExpression
      PsiElement(identifier)('a')
    PsiElement(=)('=')
    BinaryExpression
      ParenthesizedExpression
        PsiElement(()('(')
        BinaryExpression
          IntegerLiteral
            PsiElement(number)('4')
          PsiElement(+)('+')
          IntegerLiteral
            PsiElement(number)('5')
        PsiElement())(')')
      PsiElement(/)('/')
      ParenthesizedExpression
        PsiElement(()('(')
        BinaryExpression
          BinaryExpression
            IntegerLiteral
              PsiElement(number)('6')
            PsiElement(+)('+')
            ParenthesizedExpression
              PsiElement(()('(')
              BinaryExpression
                IntegerLiteral
                  PsiElement(number)('8')
                PsiElement(*)('*')
                Interpolation
                  PsiElement($)('$')
                  ReferenceExpression
                    PsiElement(identifier)('r')
              PsiElement())(')')
          PsiElement(-)('-')
          Interpolation
            PsiElement($)('$')
            ReferenceExpression
              PsiElement(identifier)('g')
        PsiElement())(')')
    PsiElement())(')')
  PsiElement(TEMPLATE_TEXT)('\r\ninterpolation ')
  Interpolation
    PsiElement($)('$')
    MethodCallExpression
      ReferenceExpression
        ReferenceExpression
          PsiElement(identifier)('obj')
        PsiElement(JAVA_DOT)('.')
        PsiElement(identifier)('meth')
      PsiElement(()('(')
      ArgumentList
        IntegerLiteral
          PsiElement(number)('2')
        PsiElement(,)(',')
        Interpolation
          PsiElement($)('$')
          ReferenceExpression
            PsiElement(identifier)('r')
        PsiElement(,)(',')
        Interpolation
          PsiElement($)('$')
          MethodCallExpression
            ReferenceExpression
              MethodCallExpression
                ReferenceExpression
                  ReferenceExpression
                    PsiElement(identifier)('dd')
                  PsiElement(JAVA_DOT)('.')
                  PsiElement(identifier)('tt')
                PsiElement(()('(')
                ArgumentList
                  <empty list>
                PsiElement())(')')
              PsiElement(JAVA_DOT)('.')
              PsiElement(identifier)('uu')
            PsiElement(()('(')
            ArgumentList
              <empty list>
            PsiElement())(')')
      PsiElement())(')')
  PsiElement(TEMPLATE_TEXT)('\r\nformal interpolation ')
  Interpolation
    PsiElement(${)('${')
    MethodCallExpression
      ReferenceExpression
        ReferenceExpression
          PsiElement(identifier)('obj')
        PsiElement(JAVA_DOT)('.')
        PsiElement(identifier)('meth')
      PsiElement(()('(')
      ArgumentList
        IntegerLiteral
          PsiElement(number)('2')
        PsiElement(,)(',')
        Interpolation
          PsiElement($)('$')
          ReferenceExpression
            PsiElement(identifier)('r')
        PsiElement(,)(',')
        Interpolation
          PsiElement($)('$')
          MethodCallExpression
            ReferenceExpression
              ReferenceExpression
                PsiElement(identifier)('dd')
              PsiElement(JAVA_DOT)('.')
              PsiElement(identifier)('gg')
            PsiElement(()('(')
            ArgumentList
              Interpolation
                PsiElement($)('$')
                MethodCallExpression
                  ReferenceExpression
                    ReferenceExpression
                      ReferenceExpression
                        PsiElement(identifier)('ttt')
                      PsiElement(JAVA_DOT)('.')
                      PsiElement(identifier)('uuu')
                    PsiElement(JAVA_DOT)('.')
                    PsiElement(identifier)('uu')
                  PsiElement(()('(')
                  ArgumentList
                    <empty list>
                  PsiElement())(')')
            PsiElement())(')')
        PsiElement(,)(',')
        DoubleQuotedText
          PsiElement(")('"')
          Interpolation
            PsiElement(${)('${')
            MethodCallExpression
              ReferenceExpression
                ReferenceExpression
                  PsiElement(identifier)('gg')
                PsiElement(JAVA_DOT)('.')
                PsiElement(identifier)('h')
              PsiElement(()('(')
              ArgumentList
                Interpolation
                  PsiElement($)('$')
                  ReferenceExpression
                    ReferenceExpression
                      PsiElement(identifier)('yy')
                    PsiElement(JAVA_DOT)('.')
                    PsiElement(identifier)('f')
                PsiElement(,)(',')
                Interpolation
                  PsiElement($)('$')
                  ReferenceExpression
                    ReferenceExpression
                      PsiElement(identifier)('tt')
                    PsiElement(JAVA_DOT)('.')
                    PsiElement(identifier)('gg')
              PsiElement())(')')
            PsiElement(})('}')
          PsiElement(")('"')
        PsiElement(,)(',')
        MapExpression
          PsiElement({)('{')
          IntegerLiteral
            PsiElement(number)('4')
          PsiElement(:)(':')
          ListExpression
            PsiElement([)('[')
            RangeExpression
              IntegerLiteral
                PsiElement(number)('6')
              PsiElement(RANGE)('..')
              IntegerLiteral
                PsiElement(number)('99')
            PsiElement(])(']')
          PsiElement(,)(',')
          DoubleQuotedText
            PsiElement(")('"')
            PsiElement(")('"')
          PsiElement(:)(':')
          BooleanLiteral
            PsiElement(BOOLEAN)('true')
          PsiElement(})('}')
      PsiElement())(')')
    PsiElement(})('}')
  PsiElement(TEMPLATE_TEXT)('\r\neof')