TEMPLATE_TEXT ('

')
#IF ('#if')
( ('(')
WHITE_SPACE (' ')
! ('!')
$ ('$')
identifier ('foo')
WHITE_SPACE (' ')
AND ('&&')
WHITE_SPACE (' ')
$ ('$')
identifier ('bar')
WHITE_SPACE (' ')
OR ('||')
WHITE_SPACE (' ')
$ ('$')
identifier ('bazz')
WHITE_SPACE (' ')
AND ('&&')
WHITE_SPACE (' ')
number ('2')
WHITE_SPACE (' ')
EQ ('==')
WHITE_SPACE (' ')
number ('2')
WHITE_SPACE (' ')
OR ('||')
WHITE_SPACE (' ')
number ('2')
WHITE_SPACE (' ')
NEQ ('!=')
WHITE_SPACE (' ')
number ('2')
WHITE_SPACE (' ')
AND ('&&')
WHITE_SPACE (' ')
number ('2')
WHITE_SPACE (' ')
LTE ('<=')
WHITE_SPACE (' ')
number ('2')
WHITE_SPACE (' ')
AND ('&&')
WHITE_SPACE (' ')
number ('2')
WHITE_SPACE (' ')
GTE ('>=')
WHITE_SPACE (' ')
number ('2')
WHITE_SPACE (' ')
OR ('||')
WHITE_SPACE (' ')
number ('2')
WHITE_SPACE (' ')
GT ('>')
WHITE_SPACE (' ')
number ('2')
WHITE_SPACE (' ')
OR ('||')
WHITE_SPACE (' ')
number ('2')
WHITE_SPACE (' ')
LT ('<')
WHITE_SPACE (' ')
number ('2')
WHITE_SPACE (' ')
AND ('&&')
WHITE_SPACE (' ')
! ('!')
number ('2')
) (')')
TEMPLATE_TEXT ('
  <strong>NOT AND OR</strong>
')
#END ('#end')
TEMPLATE_TEXT ('

')