TEMPLATE_TEXT ('simple ')
$ ('$')
identifier ('myobj')
JAVA_DOT ('.')
identifier ('meth')
( ('(')
$ ('$')
identifier ('h5h23')
, (',')
WHITE_SPACE (' ')
$ ('$')
identifier ('myobj')
JAVA_DOT ('.')
identifier ('meth')
( ('(')
number ('2')
, (',')
WHITE_SPACE (' ')
$ ('$')
identifier ('dd')
) (')')
) (')')
TEMPLATE_TEXT ('
formal ')
${ ('${')
identifier ('myobj')
JAVA_DOT ('.')
identifier ('meth')
( ('(')
$ ('$')
identifier ('h5h23')
, (',')
WHITE_SPACE (' ')
$ ('$')
identifier ('myobj')
JAVA_DOT ('.')
identifier ('meth')
( ('(')
number ('2')
, (',')
WHITE_SPACE (' ')
$ ('$')
identifier ('dd')
) (')')
) (')')
} ('}')
TEMPLATE_TEXT ('  
formal unclosed ')
${ ('${')
identifier ('myobj')
JAVA_DOT ('.')
identifier ('meth')
( ('(')
$ ('$')
identifier ('h5h23')
, (',')
WHITE_SPACE (' ')
$ ('$')
identifier ('myobj')
JAVA_DOT ('.')
identifier ('meth')
( ('(')
number ('2')
, (',')
WHITE_SPACE (' ')
$ ('$')
identifier ('dd')
) (')')
) (')')
TEMPLATE_TEXT ('
  ')
