TEMPLATE_TEXT (' text')
$ ('$')
identifier ('refName')
TEMPLATE_TEXT (' 
 text')
$ ('$')
identifier ('refName')
TEMPLATE_TEXT ('() 
 text')
$ ('$')
identifier ('refName')
JAVA_DOT ('.')
identifier ('prop')
TEMPLATE_TEXT ('   
 text')
$ ('$')
identifier ('refName')
JAVA_DOT ('.')
identifier ('method')
( ('(')
) (')')
TEMPLATE_TEXT ('xx 
 ')
$ ('$')
identifier ('refName')
JAVA_DOT ('.')
identifier ('prop')
JAVA_DOT ('.')
identifier ('method')
( ('(')
) (')')
TEMPLATE_TEXT ('. 
 ')
$ ('$')
identifier ('refName')
JAVA_DOT ('.')
identifier ('method')
( ('(')
) (')')
JAVA_DOT ('.')
identifier ('prop')
TEMPLATE_TEXT ('.
')
