TEMPLATE_TEXT (' text')
${ ('${')
identifier ('myobj')
} ('}')
TEMPLATE_TEXT ('
 text')
${ ('${')
identifier ('myobj')
JAVA_DOT ('.')
identifier ('ddd')
} ('}')
TEMPLATE_TEXT ('
 text')
${ ('${')
identifier ('myobj')
JAVA_DOT ('.')
identifier ('ddd')
( ('(')
) (')')
} ('}')
TEMPLATE_TEXT ('
 ')
${ ('${')
identifier ('myobj')
JAVA_DOT ('.')
identifier ('ddd')
JAVA_DOT ('.')
identifier ('ddd')
( ('(')
) (')')
} ('}')
TEMPLATE_TEXT ('
 ')
${ ('${')
identifier ('myobj')
JAVA_DOT ('.')
identifier ('ddd')
( ('(')
) (')')
JAVA_DOT ('.')
identifier ('ddd')
} ('}')
TEMPLATE_TEXT ('
 ')
${ ('${')
identifier ('myobj')
JAVA_DOT ('.')
identifier ('ddd')
JAVA_DOT ('.')
identifier ('ddd')
( ('(')
) (')')
TEMPLATE_TEXT ('
 ')
${ ('${')
identifier ('myobj')
JAVA_DOT ('.')
identifier ('ddd')
( ('(')
) (')')
JAVA_DOT ('.')
identifier ('ddd')
TEMPLATE_TEXT ('
')
