TEMPLATE_TEXT (' ')
$ ('$')
identifier ('refName')
JAVA_DOT ('.')
identifier ('method')
( ('(')
number ('5')
, (',')
WHITE_SPACE (' ')
number ('6.0')
, (',')
WHITE_SPACE (' ')
number ('.7')
, (',')
WHITE_SPACE (' ')
number ('$44')
, (',')
WHITE_SPACE (' ')
number ('$6.0')
, (',')
WHITE_SPACE (' ')
number ('$.7')
, (',')
WHITE_SPACE (' ')
" ('"')
$ ('$')
identifier ('d')
" ('"')
, (',')
WHITE_SPACE (' ')
${ ('${')
, (',')
WHITE_SPACE (' ')
$ ('$')
, (',')
WHITE_SPACE (' ')
BAD_CHARACTER ('#')
, (',')
WHITE_SPACE (' ')
' (''')
STRING_TEXT ('$d')
' (''')
) (')')
TEMPLATE_TEXT ('
 ')
