#MACRO_DECL ('#macro')
( ('(')
WHITE_SPACE (' ')
identifier ('tablerows')
WHITE_SPACE (' ')
$ ('$')
identifier ('color')
WHITE_SPACE (' ')
$ ('$')
identifier ('somelist')
WHITE_SPACE (' ')
) (')')
TEMPLATE_TEXT ('
    <tr><td bgcolor=')
$ ('$')
identifier ('color')
TEMPLATE_TEXT ('>')
$ ('$')
identifier ('something')
TEMPLATE_TEXT ('</td></tr>
')
#END ('#end')
TEMPLATE_TEXT ('
')
