VtlFile:nofile.vm
  DirectiveDefine
    PsiElement(#DEFINE)('#define')
    PsiElement(()('(')
    PsiElement($)('$')
    ReferenceExpression
      PsiElement(identifier)('def1')
    PsiElement())(')')
    PsiElement(TEMPLATE_TEXT)('\r\n\r\n')
    PsiElement(#END)('#end')
  PsiElement(TEMPLATE_TEXT)('\r\n\r\n')
  Interpolation
    PsiElement($)('$')
    ReferenceExpression
      PsiElement(identifier)('def1')
  PsiElement(TEMPLATE_TEXT)('\r\n\r\n')
  DirectiveDefine
    PsiElement(#DEFINE)('#define')
    PsiElement(()('(')
    PsiElement($)('$')
    PsiErrorElement:'identifier' expected
      <empty list>
    PsiElement())(')')
    PsiElement(TEMPLATE_TEXT)('\r\n\r\n')
    PsiElement(#END)('#end')
  PsiElement(TEMPLATE_TEXT)('\r\n\r\n')