VtlFile:nofile.vm
  DirectiveIf
    PsiElement(#IF)('#if')
    PsiElement(()('(')
    BinaryExpression
      BinaryExpression
        BinaryExpression
          BinaryExpression
            UnaryExpression
              PsiElement(!)('!')
              Interpolation
                PsiElement($)('$')
                ReferenceExpression
                  PsiElement(identifier)('foo')
            PsiElement(AND)('&&')
            ParenthesizedExpression
              PsiElement(()('(')
              BinaryExpression
                Interpolation
                  PsiElement($)('$')
                  ReferenceExpression
                    PsiElement(identifier)('bar')
                PsiElement(OR)('||')
                Interpolation
                  PsiElement($)('$')
                  ReferenceExpression
                    PsiElement(identifier)('bazz')
              PsiElement())(')')
          PsiElement(AND)('&&')
          UnaryExpression
            PsiElement(!)('!')
            ParenthesizedExpression
              PsiElement(()('(')
              BinaryExpression
                BinaryExpression
                  Interpolation
                    PsiElement($)('$')
                    ReferenceExpression
                      PsiElement(identifier)('qux')
                  PsiElement(EQ)('==')
                  IntegerLiteral
                    PsiElement(number)('4')
                PsiElement(OR)('||')
                BinaryExpression
                  Interpolation
                    PsiElement($)('$')
                    ReferenceExpression
                      PsiElement(identifier)('quuz')
                  PsiElement(GT)('>')
                  Interpolation
                    PsiElement($)('$')
                    ReferenceExpression
                      PsiElement(identifier)('qux')
              PsiElement())(')')
        PsiElement(AND)('&&')
        ParenthesizedExpression
          PsiElement(()('(')
          BinaryExpression
            BinaryExpression
              Interpolation
                PsiElement($)('$')
                ReferenceExpression
                  PsiElement(identifier)('corge')
              PsiElement(NEQ)('!=')
              IntegerLiteral
                PsiElement(number)('5')
            PsiElement(OR)('||')
            UnaryExpression
              PsiElement(!)('!')
              ParenthesizedExpression
                PsiElement(()('(')
                Interpolation
                  PsiElement($)('$')
                  ReferenceExpression
                    PsiElement(identifier)('bar')
                PsiElement())(')')
          PsiElement())(')')
      PsiElement(AND)('&&')
      ParenthesizedExpression
        PsiElement(()('(')
        BinaryExpression
          ParenthesizedExpression
            PsiElement(()('(')
            BinaryExpression
              BinaryExpression
                Interpolation
                  PsiElement($)('$')
                  ReferenceExpression
                    PsiElement(identifier)('corge')
                PsiElement(LTE)('<=')
                IntegerLiteral
                  PsiElement(number)('3')
              PsiElement(OR)('||')
              BinaryExpression
                Interpolation
                  PsiElement($)('$')
                  ReferenceExpression
                    PsiElement(identifier)('qux')
                PsiElement(LT)('<')
                IntegerLiteral
                  PsiElement(number)('-1')
            PsiElement())(')')
          PsiElement(OR)('||')
          BinaryExpression
            Interpolation
              PsiElement($)('$')
              ReferenceExpression
                PsiElement(identifier)('quuz')
            PsiElement(GTE)('>=')
            DoubleLiteral
              PsiElement(number)('-0.6')
        PsiElement())(')')
    PsiElement())(')')
    PsiElement(TEMPLATE_TEXT)('\r\n\r\n')
    PsiElement(#END)('#end')
  PsiElement(TEMPLATE_TEXT)('\r\n')
