#SET ('#set')
( ('(')
$ ('$')
identifier ('test1')
WHITE_SPACE (' ')
= ('=')
WHITE_SPACE (' ')
number ('2')
WHITE_SPACE (' ')
EQ ('eq')
WHITE_SPACE (' ')
number ('2')
WHITE_SPACE (' ')
OR ('or')
WHITE_SPACE (' ')
number ('2')
WHITE_SPACE (' ')
NEQ ('ne')
WHITE_SPACE (' ')
number ('2')
WHITE_SPACE (' ')
AND ('and')
WHITE_SPACE (' ')
number ('2')
WHITE_SPACE (' ')
LTE ('le')
WHITE_SPACE (' ')
number ('2')
WHITE_SPACE (' ')
AND ('and')
WHITE_SPACE (' ')
number ('2')
WHITE_SPACE (' ')
GTE ('ge')
WHITE_SPACE (' ')
number ('2')
WHITE_SPACE (' ')
OR ('or')
WHITE_SPACE (' ')
number ('2')
WHITE_SPACE (' ')
GT ('gt')
WHITE_SPACE (' ')
number ('2')
WHITE_SPACE (' ')
OR ('or')
WHITE_SPACE (' ')
number ('2')
WHITE_SPACE (' ')
LT ('lt')
WHITE_SPACE (' ')
number ('2')
WHITE_SPACE (' ')
AND ('and')
WHITE_SPACE (' ')
! ('not')
WHITE_SPACE (' ')
number ('2')
) (')')
TEMPLATE_TEXT ('
')