TEMPLATE_TEXT ('directive ')
#SET ('#set')
( ('(')
WHITE_SPACE (' ')
$ ('$')
identifier ('a')
WHITE_SPACE (' ')
= ('=')
WHITE_SPACE (' ')
( ('(')
number ('4')
WHITE_SPACE (' ')
+ ('+')
WHITE_SPACE (' ')
number ('5')
) (')')
/ ('/')
( ('(')
number ('6')
WHITE_SPACE (' ')
+ ('+')
WHITE_SPACE (' ')
( ('(')
number ('8')
WHITE_SPACE (' ')
* ('*')
WHITE_SPACE (' ')
$ ('$')
identifier ('r')
) (')')
WHITE_SPACE (' ')
- ('-')
WHITE_SPACE (' ')
$ ('$')
identifier ('g')
) (')')
) (')')
TEMPLATE_TEXT ('
interpolation ')
$ ('$')
identifier ('obj')
JAVA_DOT ('.')
identifier ('meth')
( ('(')
( ('(')
number ('2')
+ ('+')
number ('7')
) (')')
/ ('/')
$ ('$')
identifier ('r')
, (',')
WHITE_SPACE (' ')
( ('(')
$ ('$')
identifier ('dd')
WHITE_SPACE (' ')
+ ('+')
WHITE_SPACE (' ')
number ('7')
) (')')
WHITE_SPACE (' ')
/ ('/')
WHITE_SPACE (' ')
number ('4')
) (')')
TEMPLATE_TEXT ('
formal interpolation ')
${ ('${')
identifier ('myobj')
JAVA_DOT ('.')
identifier ('meth')
( ('(')
number ('5')
WHITE_SPACE (' ')
* ('*')
WHITE_SPACE (' ')
( ('(')
$ ('$')
identifier ('h5')
WHITE_SPACE (' ')
+ ('+')
WHITE_SPACE (' ')
$ ('$')
identifier ('h23')
) (')')
) (')')
} ('}')
TEMPLATE_TEXT ('  
eof')