VtlFile:nofile.vm
  DirectiveInclude
    PsiElement(#INCLUDE)('#include')
    PsiElement(()('(')
    ArgumentList
      DoubleQuotedText
        PsiElement(")('"')
        Interpolation
          PsiElement($)('$')
          ReferenceExpression
            MethodCallExpression
              ReferenceExpression
                ReferenceExpression
                  PsiElement(identifier)('rr')
                PsiElement(JAVA_DOT)('.')
                PsiElement(identifier)('ww')
              PsiElement(()('(')
              ArgumentList
                Interpolation
                  PsiElement($)('$')
                  ReferenceExpression
                    ReferenceExpression
                      PsiElement(identifier)('tt')
                    PsiElement(JAVA_DOT)('.')
                    PsiElement(identifier)('rr')
              PsiElement())(')')
            PsiElement(JAVA_DOT)('.')
            PsiElement(identifier)('jj')
        PsiElement(TEMPLATE_TEXT)(' rr')
        PsiElement(")('"')
      StringLiteral
        PsiElement(')(''')
        PsiElement(STRING_TEXT)('$ffff')
        PsiElement(')(''')
      DoubleQuotedText
        PsiElement(")('"')
        DirectiveIf
          PsiElement(#IF)('#if')
          PsiElement(()('(')
          Interpolation
            PsiElement($)('$')
            ReferenceExpression
              PsiElement(identifier)('ww')
          PsiElement())(')')
          PsiElement(TEMPLATE_TEXT)(' dd ')
          PsiElement(#END)('#end')
        PsiElement(")('"')
    PsiElement())(')')
