VtlFile:nofile.vm
  DirectiveSet
    PsiElement(#SET)('#set')
    PsiElement(()('(')
    PsiElement($)('$')
    ReferenceExpression
      ReferenceExpression
        PsiElement(identifier)('customerData')
      PsiElement(JAVA_DOT)('.')
      PsiElement(identifier)('mylist')
    PsiElement(=)('=')
    ListExpression
      PsiElement([)('[')
      IntegerLiteral
        PsiElement(number)('1')
      PsiElement(,)(',')
      IntegerLiteral
        PsiElement(number)('2')
      PsiElement(,)(',')
      DoubleQuotedText
        PsiElement(")('"')
        PsiElement(STRING_TEXT)('3')
        PsiElement(")('"')
      PsiElement(,)(',')
      DoubleQuotedText
        PsiElement(")('"')
        Interpolation
          PsiElement($)('$')
          ReferenceExpression
            PsiElement(identifier)('a')
        Interpolation
          PsiElement($)('$')
          ReferenceExpression
            PsiElement(identifier)('b')
        PsiElement(")('"')
      PsiElement(])(']')
    PsiElement())(')')
  PsiElement(TEMPLATE_TEXT)('\r\n')
