VtlFile:nofile.vm
  DirectiveSet
    PsiElement(#SET)('#set')
    PsiElement(()('(')
    PsiElement($)('$')
    ReferenceExpression
      PsiElement(identifier)('test1')
    PsiElement(=)('=')
    BinaryExpression
      BinaryExpression
        ParenthesizedExpression
          PsiElement(()('(')
          BinaryExpression
            BinaryExpression
              ParenthesizedExpression
                PsiElement(()('(')
                BinaryExpression
                  BinaryExpression
                    IntegerLiteral
                      PsiElement(number)('2')
                    PsiElement(EQ)('eq')
                    IntegerLiteral
                      PsiElement(number)('2')
                  PsiElement(OR)('or')
                  BinaryExpression
                    IntegerLiteral
                      PsiElement(number)('2')
                    PsiElement(NEQ)('ne')
                    IntegerLiteral
                      PsiElement(number)('2')
                PsiElement())(')')
              PsiElement(AND)('and')
              ParenthesizedExpression
                PsiElement(()('(')
                BinaryExpression
                  IntegerLiteral
                    PsiElement(number)('2')
                  PsiElement(LTE)('le')
                  IntegerLiteral
                    PsiElement(number)('2')
                PsiElement())(')')
            PsiElement(AND)('and')
            BinaryExpression
              IntegerLiteral
                PsiElement(number)('2')
              PsiElement(GTE)('ge')
              IntegerLiteral
                PsiElement(number)('2')
          PsiElement())(')')
        PsiElement(OR)('or')
        BinaryExpression
          IntegerLiteral
            PsiElement(number)('2')
          PsiElement(GT)('gt')
          IntegerLiteral
            PsiElement(number)('2')
      PsiElement(OR)('or')
      ParenthesizedExpression
        PsiElement(()('(')
        BinaryExpression
          BinaryExpression
            IntegerLiteral
              PsiElement(number)('2')
            PsiElement(LT)('lt')
            IntegerLiteral
              PsiElement(number)('2')
          PsiElement(AND)('and')
          UnaryExpression
            PsiElement(!)('not')
            IntegerLiteral
              PsiElement(number)('2')
        PsiElement())(')')
    PsiElement())(')')
  PsiElement(TEMPLATE_TEXT)('\r\n')