VtlFile:nofile.vm
  PsiElement(TEMPLATE_TEXT)('<table>\r\n    ')
  DirectiveMacroCall
    PsiElement(#MACRO_CALL)('#')
    ReferenceExpression
      PsiElement(identifier)('tablerows')
    PsiElement(()('(')
    ArgumentList
      Interpolation
        PsiElement($)('$')
        ReferenceExpression
          PsiElement(identifier)('color')
      PsiElement(,)(',')
      Interpolation
        PsiElement($)('$')
        ReferenceExpression
          PsiElement(identifier)('greatlakes')
      IntegerLiteral
        PsiElement(number)('55')
      IntegerLiteral
        PsiElement(number)('66')
    PsiElement())(')')
  PsiElement(TEMPLATE_TEXT)('\r\n</table>\r\n\r\n<table>\r\n    ')
  DirectiveMacroCall
    PsiElement(#MACRO_CALL)('#')
    PsiElement({)('{')
    ReferenceExpression
      PsiElement(identifier)('tablerows')
    PsiElement(})('}')
    PsiElement(()('(')
    ArgumentList
      Interpolation
        PsiElement($)('$')
        ReferenceExpression
          PsiElement(identifier)('color')
      Interpolation
        PsiElement($)('$')
        ReferenceExpression
          PsiElement(identifier)('greatlakes')
      PsiElement(,)(',')
      IntegerLiteral
        PsiElement(number)('55')
      PsiElement(,)(',')
      Interpolation
        PsiElement($)('$')
        ReferenceExpression
          PsiElement(identifier)('rr')
    PsiElement())(')')
  PsiElement(TEMPLATE_TEXT)('\r\n</table>\r\n')