VtlFile:nofile.vm
  DirectiveSet
    PsiElement(#SET)('#set')
    PsiElement(()('(')
    PsiElement($)('$')
    ReferenceExpression
      ReferenceExpression
        PsiElement(identifier)('customerData')
      PsiElement(JAVA_DOT)('.')
      PsiElement(identifier)('myMap')
    PsiElement(=)('=')
    MapExpression
      PsiElement({)('{')
      IntegerLiteral
        PsiElement(number)('1')
      PsiElement(:)(':')
      DoubleQuotedText
        PsiElement(")('"')
        PsiElement(STRING_TEXT)('hh')
        PsiElement(")('"')
      PsiElement(,)(',')
      Interpolation
        PsiElement($)('$')
        ReferenceExpression
          MethodCallExpression
            ReferenceExpression
              ReferenceExpression
                PsiElement(identifier)('rr')
              PsiElement(JAVA_DOT)('.')
              PsiElement(identifier)('yy')
            PsiElement(()('(')
            ArgumentList
              <empty list>
            PsiElement())(')')
          PsiElement(JAVA_DOT)('.')
          PsiElement(identifier)('kk')
      PsiElement(:)(':')
      IntegerLiteral
        PsiElement(number)('2')
      PsiElement(,)(',')
      DoubleQuotedText
        PsiElement(")('"')
        PsiElement(STRING_TEXT)('3')
        PsiElement(")('"')
      PsiElement(:)(':')
      BooleanLiteral
        PsiElement(BOOLEAN)('true')
      PsiElement(})('}')
    PsiElement())(')')
  PsiElement(TEMPLATE_TEXT)('\r\n\r\n')
