VtlFile:nofile.vm
  PsiElement(TEMPLATE_TEXT)('simple ')
  Interpolation
    PsiElement($)('$')
    MethodCallExpression
      ReferenceExpression
        ReferenceExpression
          PsiElement(identifier)('myobj')
        PsiElement(JAVA_DOT)('.')
        PsiElement(identifier)('meth')
      PsiElement(()('(')
      ArgumentList
        Interpolation
          PsiElement($)('$')
          ReferenceExpression
            PsiElement(identifier)('h5h23')
        PsiElement(,)(',')
        Interpolation
          PsiElement($)('$')
          MethodCallExpression
            ReferenceExpression
              ReferenceExpression
                PsiElement(identifier)('myobj')
              PsiElement(JAVA_DOT)('.')
              PsiElement(identifier)('meth')
            PsiElement(()('(')
            ArgumentList
              IntegerLiteral
                PsiElement(number)('2')
              PsiElement(,)(',')
              Interpolation
                PsiElement($)('$')
                ReferenceExpression
                  PsiElement(identifier)('dd')
            PsiElement())(')')
      PsiElement())(')')
  PsiElement(TEMPLATE_TEXT)('\r\nformal ')
  Interpolation
    PsiElement(${)('${')
    MethodCallExpression
      ReferenceExpression
        ReferenceExpression
          PsiElement(identifier)('myobj')
        PsiElement(JAVA_DOT)('.')
        PsiElement(identifier)('meth')
      PsiElement(()('(')
      ArgumentList
        Interpolation
          PsiElement($)('$')
          ReferenceExpression
            PsiElement(identifier)('h5h23')
        PsiElement(,)(',')
        Interpolation
          PsiElement($)('$')
          MethodCallExpression
            ReferenceExpression
              ReferenceExpression
                PsiElement(identifier)('myobj')
              PsiElement(JAVA_DOT)('.')
              PsiElement(identifier)('meth')
            PsiElement(()('(')
            ArgumentList
              IntegerLiteral
                PsiElement(number)('2')
              PsiElement(,)(',')
              Interpolation
                PsiElement($)('$')
                ReferenceExpression
                  PsiElement(identifier)('dd')
            PsiElement())(')')
      PsiElement())(')')
    PsiElement(})('}')
  PsiElement(TEMPLATE_TEXT)('  \r\nformal unclosed ')
  Interpolation
    PsiElement(${)('${')
    MethodCallExpression
      ReferenceExpression
        ReferenceExpression
          PsiElement(identifier)('myobj')
        PsiElement(JAVA_DOT)('.')
        PsiElement(identifier)('meth')
      PsiElement(()('(')
      ArgumentList
        Interpolation
          PsiElement($)('$')
          ReferenceExpression
            PsiElement(identifier)('h5h23')
        PsiElement(,)(',')
        Interpolation
          PsiElement($)('$')
          MethodCallExpression
            ReferenceExpression
              ReferenceExpression
                PsiElement(identifier)('myobj')
              PsiElement(JAVA_DOT)('.')
              PsiElement(identifier)('meth')
            PsiElement(()('(')
            ArgumentList
              IntegerLiteral
                PsiElement(number)('2')
              PsiElement(,)(',')
              Interpolation
                PsiElement($)('$')
                ReferenceExpression
                  PsiElement(identifier)('dd')
            PsiElement())(')')
      PsiElement())(')')
    PsiErrorElement:'}' expected
      <empty list>
  PsiElement(TEMPLATE_TEXT)('\r\n  ')
