VtlFile:nofile.vm
  DirectiveParse
    PsiElement(#PARSE)('#parse')
    PsiElement(()('(')
    ArgumentList
      DoubleQuotedText
        PsiElement(")('"')
        Interpolation
          PsiElement(${)('${')
          ReferenceExpression
            MethodCallExpression
              ReferenceExpression
                ReferenceExpression
                  PsiElement(identifier)('rr')
                PsiElement(JAVA_DOT)('.')
                PsiElement(identifier)('ww')
              PsiElement(()('(')
              ArgumentList
                Interpolation
                  PsiElement($)('$')
                  ReferenceExpression
                    ReferenceExpression
                      PsiElement(identifier)('tt')
                    PsiElement(JAVA_DOT)('.')
                    PsiElement(identifier)('rr')
              PsiElement())(')')
            PsiElement(JAVA_DOT)('.')
            PsiElement(identifier)('jj')
          PsiElement(})('}')
        PsiElement(TEMPLATE_TEXT)('.vm')
        PsiElement(")('"')
    PsiElement())(')')
